Script started on Mon 02 Mar 2015 10:27:02 PM CST
#[?1034hbash-4.1$ java UPD##[K##[KDPClient ##[K
Input probability of Gremlin Activation: 05# #.5# ## #
Enter valid HTTP/1.0 request. Currently, only GET requests are supported.
Request: GET S# #t# #content/test1.html HTTP/1.0
Checksum verification passed! recieved: 1636681888 computed: 1636681888
bash-4.1$ ls
Makefile  Output.html  typescript  UDPClient.class  UDPClient.java  UDPClient.java~
bash-4.1$ l##[Kcat OUt###[K##[Kutput.html 
HTTP/1.0################################################################################################################################################################################################################################################################################################################################################################################################################################################################################################################################################################################################################################################################################################################################################################################################################################################################################################################################################################################################################################# 200 Document Follows 

Content-Type: text/plain

Content-Length: 135

23<html>	<h1> 		Here is some valid html code	</h1>	<p> 		this is a test file for our comp 4320 project blah blah blah	</p></html>
bash-4.1$ cat Output.html 
#[C#[C#[C#[C#[C#[C#[C#[C#[C#[Cls#[K##java UDPClient
#[C#[C#[C#[C#[C#[C#[C#[C#[C#[Cmake#[K####java UDPClient
Input probability of Gremlin Activation: 0.5
Enter valid HTTP/1.0 request. Currently, only GET requests are supported.
Request: GET h# #test# ## ## ## #content/test1`# #.thm# ## ## #html HTTP/.# #1.0
Checksum verification failed! computed: 866878214
bash-4.1$ cat Output.html 
ERROR PACKET  1 CORRUPTED.
ERROR PACKET  2 CORRUPTED.
ERROR PACKET  3 CORRUPTED.
ERROR PACKET  4 CORRUPTED.
HTTP/1.0################################################################################################################################################################################################################################################################################################################################################################################################################################################################################################################################################################################################################################################################################################################################################################################################################################################################################################################################################################################################################################# 214 Dqcvmfpv"Irlmoxs#

Dppufnv.W{pe:!uexw0pnajp#
Conuenu.Mfnguh<!235#
45<ivnl@	>i2@ 		Hfsg!is#uoqh xbnje!hupn"epeg	</j2>#=q?!

vklu"is!d!thsu!ging gor qus domq"4430 ttplfet dobh!cmbj blbh	=1q><0juol>Eifclsun;!373969299:###########################################################
bash-4.1$ ge##[K##[Kcat Output.html 
#[C#[C#[C#[C#[C#[C#[C#[C#[C#[C#[2Pjava UDPClient
Input probability of Gremlin Activation: 0# #1.0
Enter valid HTTP/1.0 request. Currently, only GET requests are supported.
Request: GET htt# ## ## #te# ## #content/test1.html HTTP/1.0
Checksum verification failed! computed: 3074323373
bash-4.1$ c##[Ko##[Kcat Output.html 
ERROR PACKET  0 CORRUPTED.
ERROR PACKET  1 CORRUPTED.
ERROR PACKET  2 CORRUPTED.
ERROR PACKET  3 CORRUPTED.
ERROR PACKET  4 CORRUPTED.
HTUP11/1################################################################################################################################################################################################################################################################################################################################################################################################################################################################################################################################################################################################################################################################################################################################################################################################################################################################################################################################################################################################################################# 323!Dqdxneqx!Hsmnoxs##
Epnvfnv.Tyqe;!teyv/plbkn#
Dqryent-Mfoivj; 157##23@jvql@	?i2?!		Hfrf#ju!sonf vcmid!htoo!dpee
=1h2>	<q? #
tijt"js d"uest!fjnf!hpr"pvr"comr!7332 rspjedv!cnci!cmbh bmah	=0r@<0kunn@Cjfeksum<#374768288:###########################################################
bash-4.1$ cat Output.html 
#[C#[C#[C#[C#[C#[C#[C#[C#[C#[C#[2Pjava UDPClient
Input probability of Gremlin Activation: .# #0
Enter valid HTTP/1.0 request. Currently, only GET requests are supported.
Request: GET h# #HTTP# ## ## ## #t# #content/http# ## ## ## #test3.html HTTP/1.0
Checksum verification passed! recieved: 2709576090 computed: 2709576090
bash-4.1$ cat Output.html 
HTTP/1.0################################################################################################################################################################################################################################################################################################################################################################################################################################################################################################################################################################################################################################################################################################################################################################################################################################################################################################################################################################################################################################# 200 Document Follows 

Content-Type: text/plain

Content-Length: 15246

23<!-- Codes by HTML.am --><!-- CSS Code --><style type="text/css" scoped>table.GeneratedTable {width:100%;background-color:#FFFFFF;border-collapse:collapse;border-width:1px;border-color:#336600;border-style:solid;color:#009900;}table.GeneratedTable td, table.GeneratedTable th {border-width:1px;border-color:#336600;border-style:solid;padding:3px;}table.GeneratedTable thead {background-color:#CCFF99;}</style><!-- HTML Code --><table class="GeneratedTable"><thead><tr><th>Header Cell 1</th><th>Header Cell 2</th><th>Header Cell 3</th></tr></thead><tbody><tr><td>Row 1, Cell 1</td><td>Row 1, Cell 2</td><td>Row 1, Cell 3</td></tr><tr><td>Row 2, Cell 1</td><td>Row 2, Cell 2</td><td>Row 2, Cell 3</td></tr><tr><td>Row 3, Cell 1</td><td>Row 3, Cell 2</td><td>Row 3, Cell 3</td></tr></tbody></table><!-- Codes by HTML.am --><!-- CSS Code --><style type="text/css" scoped>table.GeneratedTable {width:100%;background-color:#FFFFFF;border-collapse:collapse;border-width:1px;border-color:#336600;border-style:solid;color:#009900;}table.GeneratedTable td, table.GeneratedTable th {border-width:1px;border-color:#336600;border-style:solid;padding:3px;}table.GeneratedTable thead {background-color:#CCFF99;}</style><!-- HTML Code --><table class="GeneratedTable"><thead><tr><th>Header Cell 1</th><th>Header Cell 2</th><th>Header Cell 3</th></tr></thead><tbody><tr><td>Row 1, Cell 1</td><td>Row 1, Cell 2</td><td>Row 1, Cell 3</td></tr><tr><td>Row 2, Cell 1</td><td>Row 2, Cell 2</td><td>Row 2, Cell 3</td></tr><tr><td>Row 3, Cell 1</td><td>Row 3, Cell 2</td><td>Row 3, Cell 3</td></tr></tbody></table><!-- Codes by HTML.am --><!-- CSS Code --><style type="text/css" scoped>table.GeneratedTable {width:100%;background-color:#FFFFFF;border-collapse:collapse;border-width:1px;border-color:#336600;border-style:solid;color:#009900;}table.GeneratedTable td, table.GeneratedTable th {border-width:1px;border-color:#336600;border-style:solid;padding:3px;}table.GeneratedTable thead {background-color:#CCFF99;}</style><!-- HTML Code --><table class="GeneratedTable"><thead><tr><th>Header Cell 1</th><th>Header Cell 2</th><th>Header Cell 3</th></tr></thead><tbody><tr><td>Row 1, Cell 1</td><td>Row 1, Cell 2</td><td>Row 1, Cell 3</td></tr><tr><td>Row 2, Cell 1</td><td>Row 2, Cell 2</td><td>Row 2, Cell 3</td></tr><tr><td>Row 3, Cell 1</td><td>Row 3, Cell 2</td><td>Row 3, Cell 3</td></tr></tbody></table><!-- Codes by HTML.am --><!-- CSS Code --><style type="text/css" scoped>table.GeneratedTable {width:100%;background-color:#FFFFFF;border-collapse:collapse;border-width:1px;border-color:#336600;border-style:solid;color:#009900;}table.GeneratedTable td, table.GeneratedTable th {border-width:1px;border-color:#336600;border-style:solid;padding:3px;}table.GeneratedTable thead {background-color:#CCFF99;}</style><!-- HTML Code --><table class="GeneratedTable"><thead><tr><th>Header Cell 1</th><th>Header Cell 2</th><th>Header Cell 3</th></tr></thead><tbody><tr><td>Row 1, Cell 1</td><td>Row 1, Cell 2</td><td>Row 1, Cell 3</td></tr><tr><td>Row 2, Cell 1</td><td>Row 2, Cell 2</td><td>Row 2, Cell 3</td></tr><tr><td>Row 3, Cell 1</td><td>Row 3, Cell 2</td><td>Row 3, Cell 3</td></tr></tbody></table><!-- Codes by HTML.am --><!-- CSS Code --><style type="text/css" scoped>table.GeneratedTable {width:100%;background-color:#FFFFFF;border-collapse:collapse;border-width:1px;border-color:#336600;border-style:solid;color:#009900;}table.GeneratedTable td, table.GeneratedTable th {border-width:1px;border-color:#336600;border-style:solid;padding:3px;}table.GeneratedTable thead {background-color:#CCFF99;}</style><!-- HTML Code --><table class="GeneratedTable"><thead><tr><th>Header Cell 1</th><th>Header Cell 2</th><th>Header Cell 3</th></tr></thead><tbody><tr><td>Row 1, Cell 1</td><td>Row 1, Cell 2</td><td>Row 1, Cell 3</td></tr><tr><td>Row 2, Cell 1</td><td>Row 2, Cell 2</td><td>Row 2, Cell 3</td></tr><tr><td>Row 3, Cell 1</td><td>Row 3, Cell 2</td><td>Row 3, Cell 3</td></tr></tbody></table><!-- Codes by HTML.am --><!-- CSS Code --><style type="text/css" scoped>table.GeneratedTable {width:100%;background-color:#FFFFFF;border-collapse:collapse;border-width:1px;border-color:#336600;border-style:solid;color:#009900;}table.GeneratedTable td, table.GeneratedTable th {border-width:1px;border-color:#336600;border-style:solid;padding:3px;}table.GeneratedTable thead {background-color:#CCFF99;}</style><!-- HTML Code --><table class="GeneratedTable"><thead><tr><th>Header Cell 1</th><th>Header Cell 2</th><th>Header Cell 3</th></tr></thead><tbody><tr><td>Row 1, Cell 1</td><td>Row 1, Cell 2</td><td>Row 1, Cell 3</td></tr><tr><td>Row 2, Cell 1</td><td>Row 2, Cell 2</td><td>Row 2, Cell 3</td></tr><tr><td>Row 3, Cell 1</td><td>Row 3, Cell 2</td><td>Row 3, Cell 3</td></tr></tbody></table><!-- Codes by HTML.am --><!-- CSS Code --><style type="text/css" scoped>table.GeneratedTable {width:100%;background-color:#FFFFFF;border-collapse:collapse;border-width:1px;border-color:#336600;border-style:solid;color:#009900;}table.GeneratedTable td, table.GeneratedTable th {border-width:1px;border-color:#336600;border-style:solid;padding:3px;}table.GeneratedTable thead {background-color:#CCFF99;}</style><!-- HTML Code --><table class="GeneratedTable"><thead><tr><th>Header Cell 1</th><th>Header Cell 2</th><th>Header Cell 3</th></tr></thead><tbody><tr><td>Row 1, Cell 1</td><td>Row 1, Cell 2</td><td>Row 1, Cell 3</td></tr><tr><td>Row 2, Cell 1</td><td>Row 2, Cell 2</td><td>Row 2, Cell 3</td></tr><tr><td>Row 3, Cell 1</td><td>Row 3, Cell 2</td><td>Row 3, Cell 3</td></tr></tbody></table><!-- Codes by HTML.am --><!-- CSS Code --><style type="text/css" scoped>table.GeneratedTable {width:100%;background-color:#FFFFFF;border-collapse:collapse;border-width:1px;border-color:#336600;border-style:solid;color:#009900;}table.GeneratedTable td, table.GeneratedTable th {border-width:1px;border-color:#336600;border-style:solid;padding:3px;}table.GeneratedTable thead {background-color:#CCFF99;}</style><!-- HTML Code --><table class="GeneratedTable"><thead><tr><th>Header Cell 1</th><th>Header Cell 2</th><th>Header Cell 3</th></tr></thead><tbody><tr><td>Row 1, Cell 1</td><td>Row 1, Cell 2</td><td>Row 1, Cell 3</td></tr><tr><td>Row 2, Cell 1</td><td>Row 2, Cell 2</td><td>Row 2, Cell 3</td></tr><tr><td>Row 3, Cell 1</td><td>Row 3, Cell 2</td><td>Row 3, Cell 3</td></tr></tbody></table><!-- Codes by HTML.am --><!-- CSS Code --><style type="text/css" scoped>table.GeneratedTable {width:100%;background-color:#FFFFFF;border-collapse:collapse;border-width:1px;border-color:#336600;border-style:solid;color:#009900;}table.GeneratedTable td, table.GeneratedTable th {border-width:1px;border-color:#336600;border-style:solid;padding:3px;}table.GeneratedTable thead {background-color:#CCFF99;}</style><!-- HTML Code --><table class="GeneratedTable"><thead><tr><th>Header Cell 1</th><th>Header Cell 2</th><th>Header Cell 3</th></tr></thead><tbody><tr><td>Row 1, Cell 1</td><td>Row 1, Cell 2</td><td>Row 1, Cell 3</td></tr><tr><td>Row 2, Cell 1</td><td>Row 2, Cell 2</td><td>Row 2, Cell 3</td></tr><tr><td>Row 3, Cell 1</td><td>Row 3, Cell 2</td><td>Row 3, Cell 3</td></tr></tbody></table><!-- Codes by HTML.am --><!-- CSS Code --><style type="text/css" scoped>table.GeneratedTable {width:100%;background-color:#FFFFFF;border-collapse:collapse;border-width:1px;border-color:#336600;border-style:solid;color:#009900;}table.GeneratedTable td, table.GeneratedTable th {border-width:1px;border-color:#336600;border-style:solid;padding:3px;}table.GeneratedTable thead {background-color:#CCFF99;}</style><!-- HTML Code --><table class="GeneratedTable"><thead><tr><th>Header Cell 1</th><th>Header Cell 2</th><th>Header Cell 3</th></tr></thead><tbody><tr><td>Row 1, Cell 1</td><td>Row 1, Cell 2</td><td>Row 1, Cell 3</td></tr><tr><td>Row 2, Cell 1</td><td>Row 2, Cell 2</td><td>Row 2, Cell 3</td></tr><tr><td>Row 3, Cell 1</td><td>Row 3, Cell 2</td><td>Row 3, Cell 3</td></tr></tbody></table><!-- Codes by HTML.am --><!-- CSS Code --><style type="text/css" scoped>table.GeneratedTable {width:100%;background-color:#FFFFFF;border-collapse:collapse;border-width:1px;border-color:#336600;border-style:solid;color:#009900;}table.GeneratedTable td, table.GeneratedTable th {border-width:1px;border-color:#336600;border-style:solid;padding:3px;}table.GeneratedTable thead {background-color:#CCFF99;}</style><!-- HTML Code --><table class="GeneratedTable"><thead><tr><th>Header Cell 1</th><th>Header Cell 2</th><th>Header Cell 3</th></tr></thead><tbody><tr><td>Row 1, Cell 1</td><td>Row 1, Cell 2</td><td>Row 1, Cell 3</td></tr><tr><td>Row 2, Cell 1</td><td>Row 2, Cell 2</td><td>Row 2, Cell 3</td></tr><tr><td>Row 3, Cell 1</td><td>Row 3, Cell 2</td><td>Row 3, Cell 3</td></tr></tbody></table><!-- Codes by HTML.am --><!-- CSS Code --><style type="text/css" scoped>table.GeneratedTable {width:100%;background-color:#FFFFFF;border-collapse:collapse;border-width:1px;border-color:#336600;border-style:solid;color:#009900;}table.GeneratedTable td, table.GeneratedTable th {border-width:1px;border-color:#336600;border-style:solid;padding:3px;}table.GeneratedTable thead {background-color:#CCFF99;}</style><!-- HTML Code --><table class="GeneratedTable"><thead><tr><th>Header Cell 1</th><th>Header Cell 2</th><th>Header Cell 3</th></tr></thead><tbody><tr><td>Row 1, Cell 1</td><td>Row 1, Cell 2</td><td>Row 1, Cell 3</td></tr><tr><td>Row 2, Cell 1</td><td>Row 2, Cell 2</td><td>Row 2, Cell 3</td></tr><tr><td>Row 3, Cell 1</td><td>Row 3, Cell 2</td><td>Row 3, Cell 3</td></tr></tbody></table><!-- Codes by HTML.am --><!-- CSS Code --><style type="text/css" scoped>table.GeneratedTable {width:100%;background-color:#FFFFFF;border-collapse:collapse;border-width:1px;border-color:#336600;border-style:solid;color:#009900;}table.GeneratedTable td, table.GeneratedTable th {border-width:1px;border-color:#336600;border-style:solid;padding:3px;}table.GeneratedTable
 thead {background-color:#CCFF99;}</style><!-- HTML Code --><table class="GeneratedTable"><thead><tr><th>Header Cell 1</th><th>Header Cell 2</th><th>Header Cell 3</th></tr></thead><tbody><tr><td>Row 1, Cell 1</td><td>Row 1, Cell 2</td><td>Row 1, Cell 3</td></tr><tr><td>Row 2, Cell 1</td><td>Row 2, Cell 2</td><td>Row 2, Cell 3</td></tr><tr><td>Row 3, Cell 1</td><td>Row 3, Cell 2</td><td>Row 3, Cell 3</td></tr></tbody></table><!-- Codes by HTML.am --><!-- CSS Code --><style type="text/css" scoped>table.GeneratedTable {width:100%;background-color:#FFFFFF;border-collapse:collapse;border-width:1px;border-color:#336600;border-style:solid;color:#009900;}table.GeneratedTable td, table.GeneratedTable th {border-width:1px;border-color:#336600;border-style:solid;padding:3px;}table.GeneratedTable thead {background-color:#CCFF99;}</style><!-- HTML Code --><table class="GeneratedTable"><thead><tr><th>Header Cell 1</th><th>Header Cell 2</th><th>Header Cell 3</th></tr></thead><tbody><tr><td>Row 1, Cell 1</td><td>Row 1, Cell 2</td><td>Row 1, Cell 3</td></tr><tr><td>Row 2, Cell 1</td><td>Row 2, Cell 2</td><td>Row 2, Cell 3</td></tr><tr><td>Row 3, Cell 1</td><td>Row 3, Cell 2</td><td>Row 3, Cell 3</td></tr></tbody></table><!-- Codes by HTML.am --><!-- CSS Code --><style type="text/css" scoped>table.GeneratedTable {width:100%;background-color:#FFFFFF;border-collapse:collapse;border-width:1px;border-color:#336600;border-style:solid;color:#009900;}table.GeneratedTable td, table.GeneratedTable th {border-width:1px;border-color:#336600;border-style:solid;padding:3px;}table.GeneratedTable thead {background-color:#CCFF99;}</style><!-- HTML Code --><table class="GeneratedTable"><thead><tr><th>Header Cell 1</th><th>Header Cell 2</th><th>Header Cell 3</th></tr></thead><tbody><tr><td>Row 1, Cell 1</td><td>Row 1, Cell 2</td><td>Row 1, Cell 3</td></tr><tr><td>Row 2, Cell 1</td><td>Row 2, Cell 2</td><td>Row 2, Cell 3</td></tr><tr><td>Row 3, Cell 1</td><td>Row 3, Cell 2</td><td>Row 3, Cell 3</td></tr></tbody></table><!-- Codes by HTML.am --><!-- CSS Code --><style type="text/css" scoped>table.GeneratedTable {width:100%;background-color:#FFFFFF;border-collapse:collapse;border-width:1px;border-color:#336600;border-style:solid;color:#009900;}table.GeneratedTable td, table.GeneratedTable th {border-width:1px;border-color:#336600;border-style:solid;padding:3px;}table.GeneratedTable thead {background-color:#CCFF99;}</style><!-- HTML Code --><table class="GeneratedTable"><thead><tr><th>Header Cell 1</th><th>Header Cell 2</th><th>Header Cell 3</th></tr></thead><tbody><tr><td>Row 1, Cell 1</td><td>Row 1, Cell 2</td><td>Row 1, Cell 3</td></tr><tr><td>Row 2, Cell 1</td><td>Row 2, Cell 2</td><td>Row 2, Cell 3</td></tr><tr><td>Row 3, Cell 1</td><td>Row 3, Cell 2</td><td>Row 3, Cell 3</td></tr></tbody></table><!-- Codes by HTML.am --><!-- CSS Code --><style type="text/css" scoped>table.GeneratedTable {width:100%;background-color:#FFFFFF;border-collapse:collapse;border-width:1px;border-color:#336600;border-style:solid;color:#009900;}table.GeneratedTable td, table.GeneratedTable th {border-width:1px;border-color:#336600;border-style:solid;padding:3px;}table.GeneratedTable thead {background-color:#CCFF99;}</style><!-- HTML Code --><table class="GeneratedTable"><thead><tr><th>Header Cell 1</th><th>Header Cell 2</th><th>Header Cell 3</th></tr></thead><tbody><tr><td>Row 1, Cell 1</td><td>Row 1, Cell 2</td><td>Row 1, Cell 3</td></tr><tr><td>Row 2, Cell 1</td><td>Row 2, Cell 2</td><td>Row 2, Cell 3</td></tr><tr><td>Row 3, Cell 1</td><td>Row 3, Cell 2</td><td>Row 3, Cell 3</td></tr></tbody></table><!-- Codes by HTML.am --><!-- CSS Code --><style type="text/css" scoped>table.GeneratedTable {width:100%;background-color:#FFFFFF;border-collapse:collapse;border-width:1px;border-color:#336600;border-style:solid;color:#009900;}table.GeneratedTable td, table.GeneratedTable th {border-width:1px;border-color:#336600;border-style:solid;padding:3px;}table.GeneratedTable thead {background-color:#CCFF99;}</style><!-- HTML Code --><table class="GeneratedTable"><thead><tr><th>Header Cell 1</th><th>Header Cell 2</th><th>Header Cell 3</th></tr></thead><tbody><tr><td>Row 1, Cell 1</td><td>Row 1, Cell 2</td><td>Row 1, Cell 3</td></tr><tr><td>Row 2, Cell 1</td><td>Row 2, Cell 2</td><td>Row 2, Cell 3</td></tr><tr><td>Row 3, Cell 1</td><td>Row 3, Cell 2</td><td>Row 3, Cell 3</td></tr></tbody></table>
bash-4.1$ cat Output.html 
#[C#[C#[C#[C#[C#[C#[C#[C#[C#[C#[2Pjava UDPClient
Input probability of Gremlin Activation: 07# #.7
Enter valid HTTP/1.0 request. Currently, only GET requests are supported.
Request: GET test# ## ## ## #content/H# #test3.html HTTP/1.0
Checksum verification failed! computed: 914618549
bash-4.1$ cat ou##[K##[KOUt###[K##[Kutput.html HTTP/1.0
ERROR PACKET  0 CORRUPTED.
ERROR PACKET  1 CORRUPTED.
ERROR PACKET  3 CORRUPTED.
ERROR PACKET  5 CORRUPTED.
ERROR PACKET  6 CORRUPTED.
ERROR PACKET  8 CORRUPTED.
ERROR PACKET  9 CORRUPTED.
ERROR PACKET  10 CORRUPTED.
ERROR PACKET  11 CORRUPTED.
ERROR PACKET  14 CORRUPTED.
ERROR PACKET  15 CORRUPTED.
ERROR PACKET  16 CORRUPTED.
ERROR PACKET  17 CORRUPTED.
ERROR PACKET  18 CORRUPTED.
ERROR PACKET  20 CORRUPTED.
ERROR PACKET  21 CORRUPTED.
ERROR PACKET  22 CORRUPTED.
ERROR PACKET  23 CORRUPTED.
ERROR PACKET  25 CORRUPTED.
ERROR PACKET  26 CORRUPTED.
ERROR PACKET  27 CORRUPTED.
ERROR PACKET  28 CORRUPTED.
ERROR PACKET  30 CORRUPTED.
ERROR PACKET  31 CORRUPTED.
ERROR PACKET  32 CORRUPTED.
ERROR PACKET  33 CORRUPTED.
ERROR PACKET  34 CORRUPTED.
ERROR PACKET  35 CORRUPTED.
ERROR PACKET  36 CORRUPTED.
ERROR PACKET  37 CORRUPTED.
ERROR PACKET  38 CORRUPTED.
ERROR PACKET  39 CORRUPTED.
ERROR PACKET  41 CORRUPTED.
ERROR PACKET  42 CORRUPTED.
ERROR PACKET  43 CORRUPTED.
ERROR PACKET  44 CORRUPTED.
ERROR PACKET  46 CORRUPTED.
ERROR PACKET  50 CORRUPTED.
ERROR PACKET  51 CORRUPTED.
ERROR PACKET  53 CORRUPTED.
ERROR PACKET  56 CORRUPTED.
ERROR PACKET  57 CORRUPTED.
LVTP/4.2################################################################################################################################################################################################################################################################################################################################################################################################################################################################################################################################################################################################################################################################################################################################################################################################################################################################################################################################################################################################################################# 401!Doeumgnu!Gpmloxs #
Content-Type: text/plain

Content-Length: 15246

23<!-- Codes by HTML.am --><!-- CSS Code --><style type="text/css" scoped>table.GeneratedTable {width:100%;background-color:#FFFFFF;border-collapse:collapse;border-width:1px;border-color:#336600;border-stylf:vpmjd;dplor:#31;902<}uabmg/GgnesaueeTbdlf tf-!vbdlg1HfpisbugeUabme"uh |botdgs-yidui;1t{?bqsdhs-dpmpv;$456812;dpsefr0tvylg=somje;paddlqi<4rz=~tbbmf.GgngrcugdUacmg!thfad!|bbckirpwne-crlor;$CCFH99<~=0suznfA<#// IUNM!Epfg!..?>tcbmf!emcst="HgpgsaxfdUbcng"@<tjfbe>=tt?=vh?Iebegr Fgll 2=/ui?>vj?Kebdes!Dgmn 2=/whA=ti>Jfaegs$Ffml"5>/tl?<0tr>=/tkgbeB=tcod{><vr@<te?Srx 1.!Chlo!1<0vd??uf?Rpy"1-!Dfll 2=0we>=ud@Rqw!5,!Dfll!3</ve><0ut><ur?=ue>Roy!2.!Gelm"1>0vd><ufAVpx 2.!Eell!3=/ud?<tf>Rpy!3. Ejnm!5<1te>>0ur?=tr?<uh?Rqz!3, Cell 1</td><td>Row 3, Cell 2</td><td>Row 3, Cell 3</td></tr></tbody></table><!-- Codes by HTML.am --><!-- CSS Code --><style type="text/css" scoped>table.GeneratedTable {width:100%;background-color:#FFFFFF;border-collapse:collapse;border-width:1px;border/dqlpu=#346701<bqrees-uuzme;trlkf;dqmps:#34;<10>~ubdmh/HengsaufeUcbnf te- waclf/IeohuaugeTaemg#uh |bqsdes.xjeui:1qz<bptgfs/csmps<#436810<cqrdes.styme<sqmjd<pcdfjng<3rx<~tdcle.GenerbueeVbcmg!vhhbg"|bbdljrpund-cplrr=#DDFF::<~<1xuzlh><!.."JUOO Dpff /.>>uabme"cnbst=%GfpfsdugdUbblh#?=ujgae?=tr><tk@Hfader Demm"3=/thA<uh>Hedder!Dfml 3<0uh?<tj?Hecejs!Gfll"5>1uh?<1ts>?1uiedf?<tboe{?>tt?>te?Upw!3,!Fenm 1<1td?>ud?Uow!3,!Demo!3>/ydA<te>Roy!3-"Demo"5>0ud><0us><us?@te>So|!3- Cgnm!2<1tfA@ueASpx 3, Cglm 2=1te@=ue>Rpy 2-!Felm!5>0uf@>0tr?<tr>>tf?Toy!3,"Cgml 3?0tf?<teBSo{!5-!Dfml 7=1uf>>tf?Rqy!4.!Efml!4<0td>=0ur?</tbqdz@>1tbble?=#-/!Cpfhs d|#JTNM.am ..><!-- ETU!Dqeg .-@<sv{lf!tzre="uixu1csw#"sdrpfd>uccmf.GeoftdugdTbblg#{xjfwj:221&>eadlirpund/cqlsr;#GFGFIG;borffr-epmmcpuf=conmbqtf<cotdet.width:3qx<coreer-dompr<#446631;dqsdes-vt{nf;uqpjf<cpmqu<#03::21;}tbdne/HfngsbwhdVcdmf$ug, tcdlf2HeogsbveeUdcng#uh |borees.xidui:1pz<borefs.foops;&436722>bprdfs.style:tomke;rcdejoj:4p{=}wbcme/IeofseufeTbdme!ujeaf"{baekgspwpe/dolpt:#CFFG9:=~<0vuyle><!-- HTML Code --><table class="GeneratedTable"><thead><tr><th>Header Cell 1</th><th>Header Cell 2</th><th>Header Cell 3</th></tr></thead><tbody><tr><td>Row 1, Cell 1</td><td>Row 1, Cell 2</td><td>Row 1, Cell 3</td></tr><tr><td>Row 2, Cell 1</td><td>Row 2, Cell 2</td><td>Row 2, Cell 3</td></tr><tr><td>Row 3, Cell 1</td><td>Row 3, Cell 2</td><td>Row 3, Cell 3</td></tr></tbody></table><!-- Codes by HTML.am --><!-- CSS Code --><style type="text/css" scoped>table.GeneratedTable {width:100%;background-color:#GFFFFF<cotdes0dpolcptf:collbpsf=bqrget.xiduj<2qz;doregs/drlpr:#646724;cqteft.vuymf:tomjd<dpnqt;#10::20<tabnf/HeofsdufdTefmf!vf-#wbblf0HeoerdtgdTbcng!wj"{bpseft-wjdui<4qy<cqsees/fqmot<$636800;coufet-stymg;tolif;pdffini:3qy=ubble.HfoesbvfdTacle"uhgce {ebclgrpunf-cplps;#DDJG;;=}<1tu{ng><!// JUML Epef!-.A>wbcog eobss="GgoeubtedWbbmf$@<uhhag>@uu?=ti>Ifadfs!Cfmo!1=1uh@<tj?Igbges!Denm!3=0uh><uj?Ifaffs#Demm"3=/ti@=/ws?<0vhffe>=tcoez?=tr@=ue?Tqx 4,"Cfnn!1</vg@=ue?Spx!3- Cfln!2<0te??td>Rpx!3,!Dfln 3=0ud>=/ur@?tr>>vd>Rpw!2- Dglm"1>1ud?>vd?Roy!3,!Dfmm 3<2td@<te?Tqw 3."Celn"5</ud?</wv@@ut@<ud>Tqw!3-"Celn!3@1td>=tf@Upx 3-"Cgml 4<0wf?<veARqy 5-!Cfnl 3<1td@=0ts@</tdqfy>>1vadnf>>!./"Drdeu by!JTNM.dn"0.@=#-/#DUT Dpeg#/.A<stzlf uzqe>#tfxt/duu"!tcoped@tabmg0GfogrctgdUabpe"}wjetk:110%=cdhlgroune0cqmor<#IIFGGF;coteer.donmapuf:eqllaqve;cqrdfs-yjfth;4sy<dordfr/dpmqr;%336900<cprhgs-stzlf=vpnje=dolpr:#20:<00;~vbbmf.IgofrbtefTabnf"te0!vbbne.HfpfrdugeUafmf$ti }bqtehu-wjftk;1sx;dprdfs-cpmor;%348:02<bosdfs0tuylf;spnkd>qbffioh;4sy;}tccme.IenercwedTadmf vjeae$}dbeoiupvne-epoor<$DEIH::=}<0suzle@<$-.!HTNM!Dpdg!.1>=uadme elbst=#GfofsbuhfVbbmf$><uifbg@=ur>@uj>Ieaefu"Delm"2>/ti><vh?Heafht Ffll 3>0th??tkAIgadfu!Fgln#3=0ui?</ut?</theae><tepfz>=us@>td>Roy!4. Dfmm!2=/tg@>td>Tpx 20"Ceml 4</te>=vd?Row 1, Cell 3</td></tr><tr><td>Row 2, Cell 1</td><td>Row 2, Cell 2</td><td>Row 2, Cell 3</td></tr><tr><td>Row 3, Cell 1</td><td>Row 3, Cell 2</td><td>Row 3, Cell 3</td></tr></tbody></table><!-- Codes by HTML.am --><!-- CSS Code --><style type="text/css" scopge?vbclg.IepgravhfTadmf!|wieui=220%=cdfkhus{ne/comrr;%HGHFHF=dptees.dollbqse:colmapue>border-wlevi:2qy?botdes-crnor:&339642=cosegt-ttyle;uomje>fqmor:&009911<}uabnf.GfqfrdtgdUabme ud-"uadmg0HfohrbvedWccmg!vh {dprefr-yifwj;2px;drtdgr-cqmrt;$436710;bpsdgs-suzle:sqmkd<qchejnh;3qz>}tadle0HhofsaugdTbdoe vhfad |badmgspwpd.cpmot:%EDFF9>>~<0tvyme>=#.."HUMO!Cpff"--?<ubdmf!cmats?"GeogtbvefWccne">=tifcf?<tr@<uj>Iecfet Cfnm!1>0ui@=tjBIfbeet!Cfmn#3=/ti>>uh?Keadev"Cfnl#4=0ui@=0vrA>/tifce>=tbqdzA<ur>=tf>Row#3."Dgol 1<0te??ud>Tpw 3-"Chml!3=0uf?=tf?Spy 2. Ceml!3=/ug@<0tr><ts>=te@Uox"4.!Cglm!2</wf><vf>Uqy 2. Efml!2>0td>@ue>Sow 2.!Fflm 4=0tf?=1vr@=us>=ue>Row!5-!Chlm 1=1ud@>ud?Row 3,"Demn 3<1td>>tgATqw!4- Dgmm 3<0ueA=1vu@=0vcpdyA=0vcble@>!/.$Foefs!bz#HUPL.bm!-/>=".. GSU!Dqdi#/.?>ttyle%vzsi>$text/ess#"tcppfd>vdbmh/GeofsbtfdUbcmf!{wieuj?100'=bafnhsqupe/dqmps:$GGFFGH;bpsees.cqmmcqvh;donnapue>cotder.wjdvi;3ry=bpregs-colot;#349612=cpsefr.suzlg:tpnje<eolqr;%00::00;~tcbne/HenftavidVadle xe, taeof1GfpfraufdWbclf!uk"|dorgfs.wldvj;1px<crtder-color:#336600;border-style:solid;padding:3px;}table.GeneratedTable thead {background-color:#CCFF99;}</style><!-- HTML Code --><table class="GeneratedTable"><thead><tr><th>Header Cell 1</th><th>Header Cell 2</th><th>Header Cell 3</th></tr></thead><tbody>>uu>=tf@Sox!2, Cfmn!1=/vd?=te?Sqx"1- Ceop#5>/tf><ve@Sox 2-!Efmm!4?0ud>?/ur?<ut@?uf>Tqx 2,#Celm"1=/uf@=ve?Spy!3,!Denm 6<1vf?=tf?Tpx 2, Eenn"3=0wd@<1ur?<tr?=vg?Sow"3,"Cgll"2<0udA>td?Sqx#3-!Cell 3<5wd>=ue?Sqx!3, Dell 3=0td@>/vs?>1vdpey><1tbbmg><$.. Cqdgs d| IXPM.bm -.>?"./!CUU!Coff .-?<su{lg tyqf>%teyv0dsu#!vdoqed?tacle0HfoftctedTablg"|wkguj:322&;cadlhspxpe/folqr;#GIFGGG<brsefs.domncpsf=dpnmbqtg<botdht.yjewi;5px>bprdgs.dplps:#456711=cpsfet.st{mh;upmke=dolss<$229;01<}tadme.HfnfratfgVadmh te-!uablf/HeoerauheTaclf"wi!}coteeu.yjduh:1py;bpregt/eqnrs:$368601=botdfs0tuyle<solid;pbefinh:6py<}uedof/GhnfrbxefUccme"vifbe!{cbclgtoune.cqlps:$DDFG9:<=0tv{mg>?#-.!JUMN!Dodg!-.?<tbclf clatt=#GfnfvauffTablf"?<vifae>=ur>>vj>Iebfgu"Dfln!3=0vk><wi@Hfbfgs$Demn 3>0uk>=th>Igagfs"Cfmn!3=0th>=0us?</vhebe@<tfodz@<uu>=wf?Roz 1.!Cgnl 2=0uf?<te>Spz 3.!Denn 3?/ueA<ue@Sqy 3-"Eenl 3<1ud@>/ut@>ur@<tg>Sqx!3- Egll#2</tf>=td?Sqw#2,!Cfon 3</vd@<uf>Roz"3-#Dflo"4=/we@>1tt>>ut>>ug>Tpw!5-!Cenn 2=/td?=vd>Spx!3/ Dhml!2=0td>=wf?Sqw 3,"Cflo!4<1teA=0ts>=0tbody></table><!-- Codes by HTML.am --><!-- CSS Code --><style type="text/css" scoped>table.GeneratedTable {width:100%;background-color:#FFFFFF;border-collapse:collapse;border-width:1px;border-color:#336600;border-style:solid;color:#009900;}table.GeneratedTabme vd, tabog2GfneuavfeTablg tj!}bqsegs.zjduh:3pz<bqvfgs.dplqs<$557821>cpsdfs.uvzof;solje;paedknj;4px>}vccme0GeoesbwfgTdcof vigbe {bbekhsqvod-cplps:%CDIG;:<}>0tyzle><"..!IUML Dqff!./><ubbme cmast>#HfoesbveeUabmg">=uigbf><ur?=ui>Jebfeu$Eglm!2</uh@=wh>Hhdefs Cfml!4=1th?=ti>Ifbefs!Cenl!3<0ti@=0us>=0thgcd?<vbqf{?<ut@>xd?Rox!2,!Cgll!1=/uh?>uf?Tpw!2,"Dgmn!4<0ue@=ue?Row!1- Feln!4<1tf><0ur?<ur?<ve@Sqx 3.#Dfnm!2=0tf><ve@Sqx!30 Cfmn!2=0tf><ud?Row 4.!Efml!4@1teA@0vt>=ut@<vdBRrw!3,!Deln!1=0te>?ud?Spw 3."Cgll"2=0vf@=vf@So{"4."Egmm!3>/ve>>/vs>>/tcofz>=0tadlf>=!/- Coefu!cz!JWON/bn .-?=!.."DUS"Coef /-><ttypf"vzqf="ufzt/cst$ teqphe?tcbme1HhnfsauedTbcle!|ziduh;111(;cbclhtownf/cpmqs<$FGGHFG>cptffr/dolmartf:eolnbpug;eorehr-xifvh=3px;bpvegs-dompt:'338901;dpteer.tx{lg:solif>dqmps:#009901;~ubbme.HfnfscvefUbcne!ve-!wablg/GhogsdtfeVaclf uj!|bqsees.xldvj:2pz;bprgfr.dqlou;$536720;bqtdfu.vuyme=splje<qbfeipg;6py@}tbbne.IfphratfdXbeme tjebe"}bcckgtoune-crmps<(CDGF;;;>1stzlg?<$-/!ITPM#Dpdf ..?<tbdle"elcst>#HenfsbvhdTbclf$><ujgcdB=tr>>ti@Kebegr!Cfnn!2>/tj?=vj@Iecefs!Celm!3<1tj>=ti>Jfeder"Fgmm"4=1ui></ts?<0vhecd?>vbpe}><tr@<wd>Stw#1,!Chll 2=0td?<uf>Sqw!2/!Dgmn!2>/ud@=te@Spx"2."Cglm!5=/td?>0tr>>vt>=ud@Sox 2- Dill 3<0tg@=te>Sox#2,!Dgmm"4</ue@<teBSpx!2, Dfln"3=0we>?/ur@=ut><vg>Upx#3-!Deno 1=/ve?<wd?Spx"3-!Eelm 5>/ud?>vd@Tox!6, Eemm"4=2td><0us??0wdody?<0ucbmg@=$--"Dqfhs#e{"HTOO/ao .0@?#--!CTT#Dpde .-?<vtzmf"t{pg@#vgxt0dst# scrqed?uadmf/HgnesaugeVabnf |yjdti;112%<ebckgspvne.dpmpr;%GHFFFF<cqsgfr-donmbqte;dpllaptf>cptdft.xiewh:2qx;cqsefr-dpmot<%338722<cosefs/ttznf;somje;drlqr;$01:911<~wbbnf/HfnhrbufeVbdne vd.!ubbne.HephuauheUbblf tj!}cosees.yidtj;1qy<cprdgr.cpmps:#647614;bqsdgs0svzng<upljd?pedeipg;4qx;taclg.HeoerctegUabne!uifag |dbeoirpwnd.color:$DEFG9:;~?0tuymf?="--!HUPM"Cofe#--@=uadoh dnbuu=#JenguaueeUacme#>?viedd?=wt?=tiAHfbdit"Ffll!2<1uh>?uj@Ifaefs"Eemo 3<0ui?<uh?Jfbdfs Eeml!4</uj?=/vrA=0vifae><vcqdz>=trA<th?Vox"1-#Eenl!1<1te?=te>Tox 40 Cgmm!3=/te><td?Rpw!3-"Cemo 6=2uf></tu?<tr@=tf>Spw 3.!Cfln!2=0tf??tf?Spx#2,"Ffll!2</tfB<uf>Rpw"2-"Fell 3=1vf>?1vv><ux@=td?Rpx!4-!Ceml!2>0td><td?Rpw"3. Celn!3<0vd>=te>Sqx 3,!Dgnm 4@1tf?<2vr?=1vbqf|>=1tccle><!.. Cqdes bz HUML.cp 0-@<"0. CTW Dpdg!//>=uuymf"uzqe=#wext0cts##sdrsgd>ucblg.HfogsctedUbblh#�wifti<311';bbelgtovpd-erort<#FFGHFF>eorfer/epmmcpsf;dpmmaruf>bprdgu/xkfwh:1px=coseft-cqmrs:%436800>bpsefr.utznf:solie;dolos:#02:911=}tccme0IepgrcuffTablg!te- uadlg0GgnfsaveeUablg!ui bprdes-xjdti?3py=drtgfs-fomov;%356801<dotehs.ut|le<sqnig<rbfdjoh>4py=udblf.HfnfsbvegTbdlf!vhide }badlgtpuod-dpppr=$FCFF9;<~>1stylgB=".- HUMM Code --><table class="GeneratedTable"><thead><tr><th>Header Cell 1</th><th>Header Cell 2</th><th>Header Cell 3</th></tr></thead><tbody><tr><td>Row 1, Cell 1</td><td>Row 1, Cell 2</td><td>Row 1, Cell 3</td></tr><tr><td>Row 2, Cell 1</td><td>Row 2, Cell 2</te?>wg?Rox 3,!Demm!3<2ue?=/vu?=vr?<ud>Srx!4. Dell!2>1te?=te?Tpy#3-"Ceom 3=1tg?<ud>Row"4,"Cfmn 5>0te@@/ts>?/vcqdz?<0xcblf?>!.-"Dsees b{!ITML/bo"..><"/."DTU Cpdg -/?=ut{lg v{qh?#uiyt0ets#"scpqgf?uaeme/GeoetbveeUbcmf |widti;120%>ccdkhsqvqg.golos;#GFFFHF;brrefs2erlmbqsg<domlcsse=bosdes-wjevi;2ry;bpsdfs.dplpr<&377821;cpsgeu-uwymh:tplif<cplos;#029:10<~wbbnf.HeoescvedTbclf!ue.!xdblf.GhogtatffUacmf"tk!{eptffr.wigth;1ry<bptefr-dpops:$448921=crtdhs-st|lf;uonjf;rcdeinh<3qy<}tadlf1GfoesatedTacle!vifad
 }backhtpvof/dqnos<#DCFH99<}=0ty{lh?=#.- JVNL!Dodh!-/A>tbbof cmbts>#HjnftbtfdXacle%?=tkgafB=ts@<uj?Ifbdjr"Eemm!2>0tj?>vj?Iebegs Delm!2>0ti@=th>Jfaegt!Eeml 4=/wj>=0wt>=/tifcf>?vcody@?vs@=wd?Tox$3- Dgll#3=1ug?<te>Uow 1,!Eelm 2<0vd@<te>Spw 2-!Dfmm"3<0td>=0tr>>us>>vd?Tow!2, Cfll"3</xe@>tf?Tow!4-!Celn#4</ue?>td@Rpw 4,"Ehml"4=/ud>=/ts@<ts?=tf?Rox#3,!Deln"6?3veA=te?Urz 3, Dfln!3</ud>>ue>Tqw 3-!Cemn!3=0wd?<0ur><0uepez>=0wbcle?=$.. Drdet b{!HTNO.bn"-/?=!/-!FUU"Coef .->>uuzni tzre>"vexu/cst$!scqpfdAtbbmg0IhogravfeUccnf ~xjdth;100%<cdcmground-color:#FFFFFF;border-collapse:collapse;border-width:1px;border-color:#336600;border-style:solid;color:#009900;}table.GeneratedTable td, table.GeneratedTable th {border-width:1px;border-color:#336600;border-style:solid;padding:3px;}table.GeneratedTabmh uifbd"{bbclhtouod.cqmpr;#CEFG:9<}>0suzlhA="./!HTOL!Drgg$-->@tcdne clatu=#GgnfudteeVabpg"@<ukgae>=tr>=ui@Igadgr Cfll"1=0thB=vi>Jeaffr#Efmm!3<0uj>=uiAIfdees Efnl"4?0ui><1ts?</thgag>=vbog}>?ts@=ud@Roy!1-"Cflm!2=/td>=tf>Tow 3. Cemm"4?1wdA<vd?Tqx!3-"Eell 3>0td></tr><tr><td>Row 2, Cell 1</td><td>Row 2, Cell 2</td><td>Row 2, Cell 3</td></tr><tr><td>Row 3, Cell 1</td><td>Row 3, Cell 2</td><td>Row 3, Cell 3</td></tr></tbody></table><!-- Codes by HTML.am --><!-- CSS Code --><style type="text/css" scoped>table.GeneratedTable {width:100%;background-color:#FFFFFF;border-collapse:collapse;border-width:1px;border-color:#336600;border-style:solid;color:#009900;}table.GeneratedTable td, table.GeneratedTable th {border-width:1px;border-color:#336600;border-style:solid;padding:3px;}table.GeneratedTable thead {background-color:#CCFF99;}</style><!-- HTML Code --><table class="GeneratedTable"><thead><tr><th>Header Cell 1</th><th>Header Cell 2</th><th>Header Cell 3</th></tr></thead><tbody><tr><td>Row 1, Cell 1</td><td>Row 1, Cell 2>/ye><uf@Rpw!1,!Cfnl"4=/ud>=/tt><tt@=tf>Sox"3-"Cfln"1>0ue>=tf>Tqy 3.!Cfll!3=2udA=vdARqx 3, Dfnm"4<0ue?</tr>=us?=wdASqw!7,"Cfno!2>/ue>=vd?Rrx!4- Dgll"5=1te>=vd>Soz 7-!Dgom!4=/ve>=/ut></vcpfz@<1tabnf>="-0 Dqegt"bz IVNN/am .-??!--!FSU"Cqef ./?<tu{mg"vyqg>"ufzt/ctu%!tdpree>vbcmf0JepesdtfeUbelg!|wjdth:210';bbdkhspvng.cpnpr:%FFFGFF<bosefs.dollaruf:dsmmbqwg=bptees.yieuh:1px<border0fqlqs:%537701;bqsefs.uuypj<solje<colpr:%02=:11<}tadmf0IenfravffUcdmg"ue,!uadnf/KgqfsatedUaclf wi }bqsdeu2wjdvi:1py=bruegr/dooqs:#358600;border-style:solid;padding:3px;}table.GeneratedTable thead {background-color:#CCFF99;}</style><!-- HTML Code --><table class="GeneratedTable"><thead><tr><th>Header Cell 1</th><th>Header Cell 2</th><th>Header Cell 3</th></tr></thead><tbody><tr><td>Row 1,"Denm$3>0ue?<td>Rq{ 3.!Cflm!4?0ue?=tf@Rqx!1,!Denm!6<0vf>>/uu?=vw?<uf?Ro{!3,!Deln!3>/vf?=ug@Rpz"3-!Filn 3>1ud?<tf?Sow!3-!Cell 4=/td><0ts>>vr?=te>Rrx!4-!Eemm 2<0ue?<we>Rpw 4, Delo!2<0td?>te>Sqx!3-"Cell!5</udB<0tsB>0teoez@<0vadmfA="..!Crfet bz JVOL/bm!-/?=!.- CSS Code --><style type="text/css" scoped>table.GeneratedTable {width:100%;background-color:#FFFFFF;border-collapse:collapse;border-width:1px;border-color:#336600;border-style:solid;color:#009900;}table.GeneratedTable td, table.GeneratedTable th {border-width:1px;border-color:#336600;border-style:solid;padding:3px;}table.GeneratedTable thead {background-color:#CCFF99;}</style><!-- HTML Code --><table class="GeneratedTable"><thead><tr><th>Header Cell 1</th><th>Header Cell 2</th><th>Header Cell 3</th></tr><0thebg>=tdod{@=vs@?uf?Rox!2-!Dfll 1=/te??ud?Rqz!2, Chml 5=/ue?=td?Rrx!2, Hgnn!5</ve></ur><tt>=te?Soy"5-"Eflm"1=/te?>ue?Uqx!3.!Dfln 3=0ue@=vd?Rpw!3, Delm#3>/ue?=1vr><usB=vd@Roy 5."Dell 1=/te?=ue>Rox 3-!Dfmm#5>2ug@=ve@Roy 4-"Cgnm!4<0ud?=/ur>>/wfqe{><0uccmg>>".-"Eqeet b| ITNO.dm!.0@<!-- DTS!Dodg 0-?=stzle u{pf@%wfyt/ctw" vdqpgd>tbclg0GepfratfdUbbog!{xjduj;112'<bbflhspuqf.dplor:$IFGGGH?cosees.cpolbpse;dploarte>bprder-yidti;2q{;cpseet/croot<#467604;cprdfu-styne<splje<fqmot;$11<920<�tbbmh/HfqfsbuffWbbne!ud-!tcdnf.GeneratedTable th {border-width:1px;border-color:#336600;border-style:solid;padding:3px;}table.GeneratedTable thead {background-color:#CCFF99;}</style><!-- HTML Code --><table class="GeneratedTable"><thead><tr><th>Header Cell 1</th><th>Header Cell 2</th><th>Header Cell 3</th></tr></thead><tbody><tr><td>Row 1, Cell 1</td><td>Row 1, Cell 2</td><td>Row 1, Cell 3</td></tr><tr><td>Row 2, Cell 1</td><td>Row 2, Cell 2</td><td>Row 2, Cell 3</td></tr><tr><td>Row 3, Cell 1</td><td>Row 3, Cell 2</td><td>Row 3, Cell 3</td></tr></tbody></table>
cat: HTTP/1.0: No such file or directory
bash-4.1$ cd##[Kat OUt###[K##[Kutput.html 
ERROR PACKET  0 CORRUPTED.
ERROR PACKET  1 CORRUPTED.
ERROR PACKET  3 CORRUPTED.
ERROR PACKET  5 CORRUPTED.
ERROR PACKET  6 CORRUPTED.
ERROR PACKET  8 CORRUPTED.
ERROR PACKET  9 CORRUPTED.
ERROR PACKET  10 CORRUPTED.
ERROR PACKET  11 CORRUPTED.
ERROR PACKET  14 CORRUPTED.
ERROR PACKET  15 CORRUPTED.
ERROR PACKET  16 CORRUPTED.
ERROR PACKET  17 CORRUPTED.
ERROR PACKET  18 CORRUPTED.
ERROR PACKET  20 CORRUPTED.
ERROR PACKET  21 CORRUPTED.
ERROR PACKET  22 CORRUPTED.
ERROR PACKET  23 CORRUPTED.
ERROR PACKET  25 CORRUPTED.
ERROR PACKET  26 CORRUPTED.
ERROR PACKET  27 CORRUPTED.
ERROR PACKET  28 CORRUPTED.
ERROR PACKET  30 CORRUPTED.
ERROR PACKET  31 CORRUPTED.
ERROR PACKET  32 CORRUPTED.
ERROR PACKET  33 CORRUPTED.
ERROR PACKET  34 CORRUPTED.
ERROR PACKET  35 CORRUPTED.
ERROR PACKET  36 CORRUPTED.
ERROR PACKET  37 CORRUPTED.
ERROR PACKET  38 CORRUPTED.
ERROR PACKET  39 CORRUPTED.
ERROR PACKET  41 CORRUPTED.
ERROR PACKET  42 CORRUPTED.
ERROR PACKET  43 CORRUPTED.
ERROR PACKET  44 CORRUPTED.
ERROR PACKET  46 CORRUPTED.
ERROR PACKET  50 CORRUPTED.
ERROR PACKET  51 CORRUPTED.
ERROR PACKET  53 CORRUPTED.
ERROR PACKET  56 CORRUPTED.
ERROR PACKET  57 CORRUPTED.
LVTP/4.2################################################################################################################################################################################################################################################################################################################################################################################################################################################################################################################################################################################################################################################################################################################################################################################################################################################################################################################################################################################################################################# 401!Doeumgnu!Gpmloxs #
Content-Type: text/plain

Content-Length: 15246

23<!-- Codes by HTML.am --><!-- CSS Code --><style type="text/css" scoped>table.GeneratedTable {width:100%;background-color:#FFFFFF;border-collapse:collapse;border-width:1px;border-color:#336600;border-stylf:vpmjd;dplor:#31;902<}uabmg/GgnesaueeTbdlf tf-!vbdlg1HfpisbugeUabme"uh |botdgs-yidui;1t{?bqsdhs-dpmpv;$456812;dpsefr0tvylg=somje;paddlqi<4rz=~tbbmf.GgngrcugdUacmg!thfad!|bbckirpwne-crlor;$CCFH99<~=0suznfA<#// IUNM!Epfg!..?>tcbmf!emcst="HgpgsaxfdUbcng"@<tjfbe>=tt?=vh?Iebegr Fgll 2=/ui?>vj?Kebdes!Dgmn 2=/whA=ti>Jfaegs$Ffml"5>/tl?<0tr>=/tkgbeB=tcod{><vr@<te?Srx 1.!Chlo!1<0vd??uf?Rpy"1-!Dfll 2=0we>=ud@Rqw!5,!Dfll!3</ve><0ut><ur?=ue>Roy!2.!Gelm"1>0vd><ufAVpx 2.!Eell!3=/ud?<tf>Rpy!3. Ejnm!5<1te>>0ur?=tr?<uh?Rqz!3, Cell 1</td><td>Row 3, Cell 2</td><td>Row 3, Cell 3</td></tr></tbody></table><!-- Codes by HTML.am --><!-- CSS Code --><style type="text/css" scoped>table.GeneratedTable {width:100%;background-color:#FFFFFF;border-collapse:collapse;border-width:1px;border/dqlpu=#346701<bqrees-uuzme;trlkf;dqmps:#34;<10>~ubdmh/HengsaufeUcbnf te- waclf/IeohuaugeTaemg#uh |bqsdes.xjeui:1qz<bptgfs/csmps<#436810<cqrdes.styme<sqmjd<pcdfjng<3rx<~tdcle.GenerbueeVbcmg!vhhbg"|bbdljrpund-cplrr=#DDFF::<~<1xuzlh><!.."JUOO Dpff /.>>uabme"cnbst=%GfpfsdugdUbblh#?=ujgae?=tr><tk@Hfader Demm"3=/thA<uh>Hedder!Dfml 3<0uh?<tj?Hecejs!Gfll"5>1uh?<1ts>?1uiedf?<tboe{?>tt?>te?Upw!3,!Fenm 1<1td?>ud?Uow!3,!Demo!3>/ydA<te>Roy!3-"Demo"5>0ud><0us><us?@te>So|!3- Cgnm!2<1tfA@ueASpx 3, Cglm 2=1te@=ue>Rpy 2-!Felm!5>0uf@>0tr?<tr>>tf?Toy!3,"Cgml 3?0tf?<teBSo{!5-!Dfml 7=1uf>>tf?Rqy!4.!Efml!4<0td>=0ur?</tbqdz@>1tbble?=#-/!Cpfhs d|#JTNM.am ..><!-- ETU!Dqeg .-@<sv{lf!tzre="uixu1csw#"sdrpfd>uccmf.GeoftdugdTbblg#{xjfwj:221&>eadlirpund/cqlsr;#GFGFIG;borffr-epmmcpuf=conmbqtf<cotdet.width:3qx<coreer-dompr<#446631;dqsdes-vt{nf;uqpjf<cpmqu<#03::21;}tbdne/HfngsbwhdVcdmf$ug, tcdlf2HeogsbveeUdcng#uh |borees.xidui:1pz<borefs.foops;&436722>bprdfs.style:tomke;rcdejoj:4p{=}wbcme/IeofseufeTbdme!ujeaf"{baekgspwpe/dolpt:#CFFG9:=~<0vuyle><!-- HTML Code --><table class="GeneratedTable"><thead><tr><th>Header Cell 1</th><th>Header Cell 2</th><th>Header Cell 3</th></tr></thead><tbody><tr><td>Row 1, Cell 1</td><td>Row 1, Cell 2</td><td>Row 1, Cell 3</td></tr><tr><td>Row 2, Cell 1</td><td>Row 2, Cell 2</td><td>Row 2, Cell 3</td></tr><tr><td>Row 3, Cell 1</td><td>Row 3, Cell 2</td><td>Row 3, Cell 3</td></tr></tbody></table><!-- Codes by HTML.am --><!-- CSS Code --><style type="text/css" scoped>table.GeneratedTable {width:100%;background-color:#GFFFFF<cotdes0dpolcptf:collbpsf=bqrget.xiduj<2qz;doregs/drlpr:#646724;cqteft.vuymf:tomjd<dpnqt;#10::20<tabnf/HeofsdufdTefmf!vf-#wbblf0HeoerdtgdTbcng!wj"{bpseft-wjdui<4qy<cqsees/fqmot<$636800;coufet-stymg;tolif;pdffini:3qy=ubble.HfoesbvfdTacle"uhgce {ebclgrpunf-cplps;#DDJG;;=}<1tu{ng><!// JUML Epef!-.A>wbcog eobss="GgoeubtedWbbmf$@<uhhag>@uu?=ti>Ifadfs!Cfmo!1=1uh@<tj?Igbges!Denm!3=0uh><uj?Ifaffs#Demm"3=/ti@=/ws?<0vhffe>=tcoez?=tr@=ue?Tqx 4,"Cfnn!1</vg@=ue?Spx!3- Cfln!2<0te??td>Rpx!3,!Dfln 3=0ud>=/ur@?tr>>vd>Rpw!2- Dglm"1>1ud?>vd?Roy!3,!Dfmm 3<2td@<te?Tqw 3."Celn"5</ud?</wv@@ut@<ud>Tqw!3-"Celn!3@1td>=tf@Upx 3-"Cgml 4<0wf?<veARqy 5-!Cfnl 3<1td@=0ts@</tdqfy>>1vadnf>>!./"Drdeu by!JTNM.dn"0.@=#-/#DUT Dpeg#/.A<stzlf uzqe>#tfxt/duu"!tcoped@tabmg0GfogrctgdUabpe"}wjetk:110%=cdhlgroune0cqmor<#IIFGGF;coteer.donmapuf:eqllaqve;cqrdfs-yjfth;4sy<dordfr/dpmqr;%336900<cprhgs-stzlf=vpnje=dolpr:#20:<00;~vbbmf.IgofrbtefTabnf"te0!vbbne.HfpfrdugeUafmf$ti }bqtehu-wjftk;1sx;dprdfs-cpmor;%348:02<bosdfs0tuylf;spnkd>qbffioh;4sy;}tccme.IenercwedTadmf vjeae$}dbeoiupvne-epoor<$DEIH::=}<0suzle@<$-.!HTNM!Dpdg!.1>=uadme elbst=#GfofsbuhfVbbmf$><uifbg@=ur>@uj>Ieaefu"Delm"2>/ti><vh?Heafht Ffll 3>0th??tkAIgadfu!Fgln#3=0ui?</ut?</theae><tepfz>=us@>td>Roy!4. Dfmm!2=/tg@>td>Tpx 20"Ceml 4</te>=vd?Row 1, Cell 3</td></tr><tr><td>Row 2, Cell 1</td><td>Row 2, Cell 2</td><td>Row 2, Cell 3</td></tr><tr><td>Row 3, Cell 1</td><td>Row 3, Cell 2</td><td>Row 3, Cell 3</td></tr></tbody></table><!-- Codes by HTML.am --><!-- CSS Code --><style type="text/css" scopge?vbclg.IepgravhfTadmf!|wieui=220%=cdfkhus{ne/comrr;%HGHFHF=dptees.dollbqse:colmapue>border-wlevi:2qy?botdes-crnor:&339642=cosegt-ttyle;uomje>fqmor:&009911<}uabnf.GfqfrdtgdUabme ud-"uadmg0HfohrbvedWccmg!vh {dprefr-yifwj;2px;drtdgr-cqmrt;$436710;bpsdgs-suzle:sqmkd<qchejnh;3qz>}tadle0HhofsaugdTbdoe vhfad |badmgspwpd.cpmot:%EDFF9>>~<0tvyme>=#.."HUMO!Cpff"--?<ubdmf!cmats?"GeogtbvefWccne">=tifcf?<tr@<uj>Iecfet Cfnm!1>0ui@=tjBIfbeet!Cfmn#3=/ti>>uh?Keadev"Cfnl#4=0ui@=0vrA>/tifce>=tbqdzA<ur>=tf>Row#3."Dgol 1<0te??ud>Tpw 3-"Chml!3=0uf?=tf?Spy 2. Ceml!3=/ug@<0tr><ts>=te@Uox"4.!Cglm!2</wf><vf>Uqy 2. Efml!2>0td>@ue>Sow 2.!Fflm 4=0tf?=1vr@=us>=ue>Row!5-!Chlm 1=1ud@>ud?Row 3,"Demn 3<1td>>tgATqw!4- Dgmm 3<0ueA=1vu@=0vcpdyA=0vcble@>!/.$Foefs!bz#HUPL.bm!-/>=".. GSU!Dqdi#/.?>ttyle%vzsi>$text/ess#"tcppfd>vdbmh/GeofsbtfdUbcmf!{wieuj?100'=bafnhsqupe/dqmps:$GGFFGH;bpsees.cqmmcqvh;donnapue>cotder.wjdvi;3ry=bpregs-colot;#349612=cpsefr.suzlg:tpnje<eolqr;%00::00;~tcbne/HenftavidVadle xe, taeof1GfpfraufdWbclf!uk"|dorgfs.wldvj;1px<crtder-color:#336600;border-style:solid;padding:3px;}table.GeneratedTable thead {background-color:#CCFF99;}</style><!-- HTML Code --><table class="GeneratedTable"><thead><tr><th>Header Cell 1</th><th>Header Cell 2</th><th>Header Cell 3</th></tr></thead><tbody>>uu>=tf@Sox!2, Cfmn!1=/vd?=te?Sqx"1- Ceop#5>/tf><ve@Sox 2-!Efmm!4?0ud>?/ur?<ut@?uf>Tqx 2,#Celm"1=/uf@=ve?Spy!3,!Denm 6<1vf?=tf?Tpx 2, Eenn"3=0wd@<1ur?<tr?=vg?Sow"3,"Cgll"2<0udA>td?Sqx#3-!Cell 3<5wd>=ue?Sqx!3, Dell 3=0td@>/vs?>1vdpey><1tbbmg><$.. Cqdgs d| IXPM.bm -.>?"./!CUU!Coff .-?<su{lg tyqf>%teyv0dsu#!vdoqed?tacle0HfoftctedTablg"|wkguj:322&;cadlhspxpe/folqr;#GIFGGG<brsefs.domncpsf=dpnmbqtg<botdht.yjewi;5px>bprdgs.dplps:#456711=cpsfet.st{mh;upmke=dolss<$229;01<}tadme.HfnfratfgVadmh te-!uablf/HeoerauheTaclf"wi!}coteeu.yjduh:1py;bpregt/eqnrs:$368601=botdfs0tuyle<solid;pbefinh:6py<}uedof/GhnfrbxefUccme"vifbe!{cbclgtoune.cqlps:$DDFG9:<=0tv{mg>?#-.!JUMN!Dodg!-.?<tbclf clatt=#GfnfvauffTablf"?<vifae>=ur>>vj>Iebfgu"Dfln!3=0vk><wi@Hfbfgs$Demn 3>0uk>=th>Igagfs"Cfmn!3=0th>=0us?</vhebe@<tfodz@<uu>=wf?Roz 1.!Cgnl 2=0uf?<te>Spz 3.!Denn 3?/ueA<ue@Sqy 3-"Eenl 3<1ud@>/ut@>ur@<tg>Sqx!3- Egll#2</tf>=td?Sqw#2,!Cfon 3</vd@<uf>Roz"3-#Dflo"4=/we@>1tt>>ut>>ug>Tpw!5-!Cenn 2=/td?=vd>Spx!3/ Dhml!2=0td>=wf?Sqw 3,"Cflo!4<1teA=0ts>=0tbody></table><!-- Codes by HTML.am --><!-- CSS Code --><style type="text/css" scoped>table.GeneratedTable {width:100%;background-color:#FFFFFF;border-collapse:collapse;border-width:1px;border-color:#336600;border-style:solid;color:#009900;}table.GeneratedTabme vd, tabog2GfneuavfeTablg tj!}bqsegs.zjduh:3pz<bqvfgs.dplqs<$557821>cpsdfs.uvzof;solje;paedknj;4px>}vccme0GeoesbwfgTdcof vigbe {bbekhsqvod-cplps:%CDIG;:<}>0tyzle><"..!IUML Dqff!./><ubbme cmast>#HfoesbveeUabmg">=uigbf><ur?=ui>Jebfeu$Eglm!2</uh@=wh>Hhdefs Cfml!4=1th?=ti>Ifbefs!Cenl!3<0ti@=0us>=0thgcd?<vbqf{?<ut@>xd?Rox!2,!Cgll!1=/uh?>uf?Tpw!2,"Dgmn!4<0ue@=ue?Row!1- Feln!4<1tf><0ur?<ur?<ve@Sqx 3.#Dfnm!2=0tf><ve@Sqx!30 Cfmn!2=0tf><ud?Row 4.!Efml!4@1teA@0vt>=ut@<vdBRrw!3,!Deln!1=0te>?ud?Spw 3."Cgll"2=0vf@=vf@So{"4."Egmm!3>/ve>>/vs>>/tcofz>=0tadlf>=!/- Coefu!cz!JWON/bn .-?=!.."DUS"Coef /-><ttypf"vzqf="ufzt/cst$ teqphe?tcbme1HhnfsauedTbcle!|ziduh;111(;cbclhtownf/cpmqs<$FGGHFG>cptffr/dolmartf:eolnbpug;eorehr-xifvh=3px;bpvegs-dompt:'338901;dpteer.tx{lg:solif>dqmps:#009901;~ubbme.HfnfscvefUbcne!ve-!wablg/GhogsdtfeVaclf uj!|bqsees.xldvj:2pz;bprgfr.dqlou;$536720;bqtdfu.vuyme=splje<qbfeipg;6py@}tbbne.IfphratfdXbeme tjebe"}bcckgtoune-crmps<(CDGF;;;>1stzlg?<$-/!ITPM#Dpdf ..?<tbdle"elcst>#HenfsbvhdTbclf$><ujgcdB=tr>>ti@Kebegr!Cfnn!2>/tj?=vj@Iecefs!Celm!3<1tj>=ti>Jfeder"Fgmm"4=1ui></ts?<0vhecd?>vbpe}><tr@<wd>Stw#1,!Chll 2=0td?<uf>Sqw!2/!Dgmn!2>/ud@=te@Spx"2."Cglm!5=/td?>0tr>>vt>=ud@Sox 2- Dill 3<0tg@=te>Sox#2,!Dgmm"4</ue@<teBSpx!2, Dfln"3=0we>?/ur@=ut><vg>Upx#3-!Deno 1=/ve?<wd?Spx"3-!Eelm 5>/ud?>vd@Tox!6, Eemm"4=2td><0us??0wdody?<0ucbmg@=$--"Dqfhs#e{"HTOO/ao .0@?#--!CTT#Dpde .-?<vtzmf"t{pg@#vgxt0dst# scrqed?uadmf/HgnesaugeVabnf |yjdti;112%<ebckgspvne.dpmpr;%GHFFFF<cqsgfr-donmbqte;dpllaptf>cptdft.xiewh:2qx;cqsefr-dpmot<%338722<cosefs/ttznf;somje;drlqr;$01:911<~wbbnf/HfnhrbufeVbdne vd.!ubbne.HephuauheUbblf tj!}cosees.yidtj;1qy<cprdgr.cpmps:#647614;bqsdgs0svzng<upljd?pedeipg;4qx;taclg.HeoerctegUabne!uifag |dbeoirpwnd.color:$DEFG9:;~?0tuymf?="--!HUPM"Cofe#--@=uadoh dnbuu=#JenguaueeUacme#>?viedd?=wt?=tiAHfbdit"Ffll!2<1uh>?uj@Ifaefs"Eemo 3<0ui?<uh?Jfbdfs Eeml!4</uj?=/vrA=0vifae><vcqdz>=trA<th?Vox"1-#Eenl!1<1te?=te>Tox 40 Cgmm!3=/te><td?Rpw!3-"Cemo 6=2uf></tu?<tr@=tf>Spw 3.!Cfln!2=0tf??tf?Spx#2,"Ffll!2</tfB<uf>Rpw"2-"Fell 3=1vf>?1vv><ux@=td?Rpx!4-!Ceml!2>0td><td?Rpw"3. Celn!3<0vd>=te>Sqx 3,!Dgnm 4@1tf?<2vr?=1vbqf|>=1tccle><!.. Cqdes bz HUML.cp 0-@<"0. CTW Dpdg!//>=uuymf"uzqe=#wext0cts##sdrsgd>ucblg.HfogsctedUbblh#�wifti<311';bbelgtovpd-erort<#FFGHFF>eorfer/epmmcpsf;dpmmaruf>bprdgu/xkfwh:1px=coseft-cqmrs:%436800>bpsefr.utznf:solie;dolos:#02:911=}tccme0IepgrcuffTablg!te- uadlg0GgnfsaveeUablg!ui bprdes-xjdti?3py=drtgfs-fomov;%356801<dotehs.ut|le<sqnig<rbfdjoh>4py=udblf.HfnfsbvegTbdlf!vhide }badlgtpuod-dpppr=$FCFF9;<~>1stylgB=".- HUMM Code --><table class="GeneratedTable"><thead><tr><th>Header Cell 1</th><th>Header Cell 2</th><th>Header Cell 3</th></tr></thead><tbody><tr><td>Row 1, Cell 1</td><td>Row 1, Cell 2</td><td>Row 1, Cell 3</td></tr><tr><td>Row 2, Cell 1</td><td>Row 2, Cell 2</te?>wg?Rox 3,!Demm!3<2ue?=/vu?=vr?<ud>Srx!4. Dell!2>1te?=te?Tpy#3-"Ceom 3=1tg?<ud>Row"4,"Cfmn 5>0te@@/ts>?/vcqdz?<0xcblf?>!.-"Dsees b{!ITML/bo"..><"/."DTU Cpdg -/?=ut{lg v{qh?#uiyt0ets#"scpqgf?uaeme/GeoetbveeUbcmf |widti;120%>ccdkhsqvqg.golos;#GFFFHF;brrefs2erlmbqsg<domlcsse=bosdes-wjevi;2ry;bpsdfs.dplpr<&377821;cpsgeu-uwymh:tplif<cplos;#029:10<~wbbnf.HeoescvedTbclf!ue.!xdblf.GhogtatffUacmf"tk!{eptffr.wigth;1ry<bptefr-dpops:$448921=crtdhs-st|lf;uonjf;rcdeinh<3qy<}tadlf1GfoesatedTacle!vifad
 }backhtpvof/dqnos<#DCFH99<}=0ty{lh?=#.- JVNL!Dodh!-/A>tbbof cmbts>#HjnftbtfdXacle%?=tkgafB=ts@<uj?Ifbdjr"Eemm!2>0tj?>vj?Iebegs Delm!2>0ti@=th>Jfaegt!Eeml 4=/wj>=0wt>=/tifcf>?vcody@?vs@=wd?Tox$3- Dgll#3=1ug?<te>Uow 1,!Eelm 2<0vd@<te>Spw 2-!Dfmm"3<0td>=0tr>>us>>vd?Tow!2, Cfll"3</xe@>tf?Tow!4-!Celn#4</ue?>td@Rpw 4,"Ehml"4=/ud>=/ts@<ts?=tf?Rox#3,!Deln"6?3veA=te?Urz 3, Dfln!3</ud>>ue>Tqw 3-!Cemn!3=0wd?<0ur><0uepez>=0wbcle?=$.. Drdet b{!HTNO.bn"-/?=!/-!FUU"Coef .->>uuzni tzre>"vexu/cst$!scqpfdAtbbmg0IhogravfeUccnf ~xjdth;100%<cdcmground-color:#FFFFFF;border-collapse:collapse;border-width:1px;border-color:#336600;border-style:solid;color:#009900;}table.GeneratedTable td, table.GeneratedTable th {border-width:1px;border-color:#336600;border-style:solid;padding:3px;}table.GeneratedTabmh uifbd"{bbclhtouod.cqmpr;#CEFG:9<}>0suzlhA="./!HTOL!Drgg$-->@tcdne clatu=#GgnfudteeVabpg"@<ukgae>=tr>=ui@Igadgr Cfll"1=0thB=vi>Jeaffr#Efmm!3<0uj>=uiAIfdees Efnl"4?0ui><1ts?</thgag>=vbog}>?ts@=ud@Roy!1-"Cflm!2=/td>=tf>Tow 3. Cemm"4?1wdA<vd?Tqx!3-"Eell 3>0td></tr><tr><td>Row 2, Cell 1</td><td>Row 2, Cell 2</td><td>Row 2, Cell 3</td></tr><tr><td>Row 3, Cell 1</td><td>Row 3, Cell 2</td><td>Row 3, Cell 3</td></tr></tbody></table><!-- Codes by HTML.am --><!-- CSS Code --><style type="text/css" scoped>table.GeneratedTable {width:100%;background-color:#FFFFFF;border-collapse:collapse;border-width:1px;border-color:#336600;border-style:solid;color:#009900;}table.GeneratedTable td, table.GeneratedTable th {border-width:1px;border-color:#336600;border-style:solid;padding:3px;}table.GeneratedTable thead {background-color:#CCFF99;}</style><!-- HTML Code --><table class="GeneratedTable"><thead><tr><th>Header Cell 1</th><th>Header Cell 2</th><th>Header Cell 3</th></tr></thead><tbody><tr><td>Row 1, Cell 1</td><td>Row 1, Cell 2>/ye><uf@Rpw!1,!Cfnl"4=/ud>=/tt><tt@=tf>Sox"3-"Cfln"1>0ue>=tf>Tqy 3.!Cfll!3=2udA=vdARqx 3, Dfnm"4<0ue?</tr>=us?=wdASqw!7,"Cfno!2>/ue>=vd?Rrx!4- Dgll"5=1te>=vd>Soz 7-!Dgom!4=/ve>=/ut></vcpfz@<1tabnf>="-0 Dqegt"bz IVNN/am .-??!--!FSU"Cqef ./?<tu{mg"vyqg>"ufzt/ctu%!tdpree>vbcmf0JepesdtfeUbelg!|wjdth:210';bbdkhspvng.cpnpr:%FFFGFF<bosefs.dollaruf:dsmmbqwg=bptees.yieuh:1px<border0fqlqs:%537701;bqsefs.uuypj<solje<colpr:%02=:11<}tadmf0IenfravffUcdmg"ue,!uadnf/KgqfsatedUaclf wi }bqsdeu2wjdvi:1py=bruegr/dooqs:#358600;border-style:solid;padding:3px;}table.GeneratedTable thead {background-color:#CCFF99;}</style><!-- HTML Code --><table class="GeneratedTable"><thead><tr><th>Header Cell 1</th><th>Header Cell 2</th><th>Header Cell 3</th></tr></thead><tbody><tr><td>Row 1,"Denm$3>0ue?<td>Rq{ 3.!Cflm!4?0ue?=tf@Rqx!1,!Denm!6<0vf>>/uu?=vw?<uf?Ro{!3,!Deln!3>/vf?=ug@Rpz"3-!Filn 3>1ud?<tf?Sow!3-!Cell 4=/td><0ts>>vr?=te>Rrx!4-!Eemm 2<0ue?<we>Rpw 4, Delo!2<0td?>te>Sqx!3-"Cell!5</udB<0tsB>0teoez@<0vadmfA="..!Crfet bz JVOL/bm!-/?=!.- CSS Code --><style type="text/css" scoped>table.GeneratedTable {width:100%;background-color:#FFFFFF;border-collapse:collapse;border-width:1px;border-color:#336600;border-style:solid;color:#009900;}table.GeneratedTable td, table.GeneratedTable th {border-width:1px;border-color:#336600;border-style:solid;padding:3px;}table.GeneratedTable thead {background-color:#CCFF99;}</style><!-- HTML Code --><table class="GeneratedTable"><thead><tr><th>Header Cell 1</th><th>Header Cell 2</th><th>Header Cell 3</th></tr><0thebg>=tdod{@=vs@?uf?Rox!2-!Dfll 1=/te??ud?Rqz!2, Chml 5=/ue?=td?Rrx!2, Hgnn!5</ve></ur><tt>=te?Soy"5-"Eflm"1=/te?>ue?Uqx!3.!Dfln 3=0ue@=vd?Rpw!3, Delm#3>/ue?=1vr><usB=vd@Roy 5."Dell 1=/te?=ue>Rox 3-!Dfmm#5>2ug@=ve@Roy 4-"Cgnm!4<0ud?=/ur>>/wfqe{><0uccmg>>".-"Eqeet b| ITNO.dm!.0@<!-- DTS!Dodg 0-?=stzle u{pf@%wfyt/ctw" vdqpgd>tbclg0GepfratfdUbbog!{xjduj;112'<bbflhspuqf.dplor:$IFGGGH?cosees.cpolbpse;dploarte>bprder-yidti;2q{;cpseet/croot<#467604;cprdfu-styne<splje<fqmot;$11<920<�tbbmh/HfqfsbuffWbbne!ud-!tcdnf.GeneratedTable th {border-width:1px;border-color:#336600;border-style:solid;padding:3px;}table.GeneratedTable thead {background-color:#CCFF99;}</style><!-- HTML Code --><table class="GeneratedTable"><thead><tr><th>Header Cell 1</th><th>Header Cell 2</th><th>Header Cell 3</th></tr></thead><tbody><tr><td>Row 1, Cell 1</td><td>Row 1, Cell 2</td><td>Row 1, Cell 3</td></tr><tr><td>Row 2, Cell 1</td><td>Row 2, Cell 2</td><td>Row 2, Cell 3</td></tr><tr><td>Row 3, Cell 1</td><td>Row 3, Cell 2</td><td>Row 3, Cell 3</td></tr></tbody></table>
bash-4.1$ exit
exit

Script done on Mon 02 Mar 2015 10:30:37 PM CST
